[2025-12-06 02:51:31] [INFO] [firebase.js] 🔑 Using FIREBASE_SERVICE_ACCOUNT from Env Var
[2025-12-06 02:51:31] [INFO] [firebase.js]    Project ID: freecooking-dede4
[2025-12-06 02:51:31] [INFO] [firebase.js] ✅ Firebase Admin initialized successfully
[2025-12-06 02:51:31] [INFO] [firebase.js] 🔥 Firebase Admin Configured!
[2025-12-06 02:51:32] [INFO] [index.js] 🚀 Server running on http://localhost:10000
[2025-12-06 02:51:34] [INFO] [requestLogger.js] HEAD / - 200 - 1811ms
[2025-12-06 02:51:37] [INFO] [requestLogger.js] GET / - 200 - 249ms
[2025-12-06 02:51:50] [INFO] [requestLogger.js] GET / - 200 - 257ms
[2025-12-06 02:51:51] [WARN] [errorMiddleware.js] 404 - Route not found: GET /favicon.ico
[2025-12-06 02:51:51] [ERROR] [errorMiddleware.js:36] Unhandled error in GET /favicon.ico
Error: Route not found: GET /favicon.ico
    at notFoundHandler (file:///opt/render/project/src/src/middleware/errorMiddleware.js:36:19)
    at Layer.handle [as handle_request] (/opt/render/project/src/node_modules/express/lib/router/layer.js:95:5)
    at trim_prefix (/opt/render/project/src/node_modules/express/lib/router/index.js:328:13)
    at /opt/render/project/src/node_modules/express/lib/router/index.js:286:9
    at router.process_params (/opt/render/project/src/node_modules/express/lib/router/index.js:346:12)
    at next (/opt/render/project/src/node_modules/express/lib/router/index.js:280:10)
    at requestLogger (file:///opt/render/project/src/src/middleware/requestLogger.js:36:5)
    at Layer.handle [as handle_request] (/opt/render/project/src/node_modules/express/lib/router/layer.js:95:5)
    at trim_prefix (/opt/render/project/src/node_modules/express/lib/router/index.js:328:13)
    at /opt/render/project/src/node_modules/express/lib/router/index.js:286:9
[2025-12-06 02:51:51] [WARN] [requestLogger.js] GET /favicon.ico - 404 - 2ms
[2025-12-06 02:52:02] [WARN] [errorMiddleware.js] 404 - Route not found: GET /index.js
[2025-12-06 02:52:02] [ERROR] [errorMiddleware.js:36] Unhandled error in GET /index.js
Error: Route not found: GET /index.js
    at notFoundHandler (file:///opt/render/project/src/src/middleware/errorMiddleware.js:36:19)
    at Layer.handle [as handle_request] (/opt/render/project/src/node_modules/express/lib/router/layer.js:95:5)
    at trim_prefix (/opt/render/project/src/node_modules/express/lib/router/index.js:328:13)
    at /opt/render/project/src/node_modules/express/lib/router/index.js:286:9
    at router.process_params (/opt/render/project/src/node_modules/express/lib/router/index.js:346:12)
    at next (/opt/render/project/src/node_modules/express/lib/router/index.js:280:10)
    at requestLogger (file:///opt/render/project/src/src/middleware/requestLogger.js:36:5)
    at Layer.handle [as handle_request] (/opt/render/project/src/node_modules/express/lib/router/layer.js:95:5)
    at trim_prefix (/opt/render/project/src/node_modules/express/lib/router/index.js:328:13)
    at /opt/render/project/src/node_modules/express/lib/router/index.js:286:9
[2025-12-06 02:52:02] [WARN] [requestLogger.js] GET /index.js - 404 - 2ms
[2025-12-06 02:52:27] [WARN] [errorMiddleware.js] 404 - Route not found: GET /logs
[2025-12-06 02:52:27] [ERROR] [errorMiddleware.js:36] Unhandled error in GET /logs
Error: Route not found: GET /logs
    at notFoundHandler (file:///opt/render/project/src/src/middleware/errorMiddleware.js:36:19)
    at Layer.handle [as handle_request] (/opt/render/project/src/node_modules/express/lib/router/layer.js:95:5)
    at trim_prefix (/opt/render/project/src/node_modules/express/lib/router/index.js:328:13)
    at /opt/render/project/src/node_modules/express/lib/router/index.js:286:9
    at router.process_params (/opt/render/project/src/node_modules/express/lib/router/index.js:346:12)
    at next (/opt/render/project/src/node_modules/express/lib/router/index.js:280:10)
    at /opt/render/project/src/node_modules/express/lib/router/index.js:646:15
    at next (/opt/render/project/src/node_modules/express/lib/router/index.js:265:14)
    at router.handle (/opt/render/project/src/node_modules/express/lib/router/index.js:175:3)
    at router (/opt/render/project/src/node_modules/express/lib/router/index.js:47:12)
[2025-12-06 02:52:27] [WARN] [requestLogger.js] GET /logs - 404 - 2ms
[2025-12-06 02:54:04] [INFO] [requestLogger.js] GET / - 200 - 232ms
[2025-12-06 02:56:49] [INFO] [requestLogger.js] GET /logs/dashboard - 200 - 114ms
[2025-12-06 02:56:55] [INFO] [requestLogger.js] GET /logs/dashboard - 200 - 1ms
[2025-12-06 02:57:22] [INFO] [requestLogger.js] GET /logs/dashboard - 200 - 1ms
[2025-12-06 03:02:56] [INFO] [requestLogger.js] GET /logs/dashboard - 200 - 1ms
[2025-12-06 03:02:57] [INFO] [requestLogger.js] GET /logs/dashboard - 200 - 1ms
[2025-12-06 03:02:58] [INFO] [requestLogger.js] GET /logs/dashboard - 200 - 1ms
[2025-12-06 03:03:00] [INFO] [requestLogger.js] GET /logs/dashboard - 200 - 5ms
[2025-12-06 03:03:01] [INFO] [requestLogger.js] GET /logs/dashboard - 200 - 0ms
[2025-12-06 03:03:02] [INFO] [requestLogger.js] GET /logs/dashboard - 200 - 1ms
[2025-12-06 03:03:02] [INFO] [requestLogger.js] GET /logs/dashboard - 200 - 1ms
[2025-12-06 03:03:04] [INFO] [requestLogger.js] GET /logs/dashboard - 200 - 1ms
[2025-12-06 03:03:04] [INFO] [requestLogger.js] GET /logs/dashboard - 200 - 0ms
[2025-12-06 03:03:06] [INFO] [requestLogger.js] GET /logs/dashboard - 200 - 0ms
[2025-12-06 03:03:06] [INFO] [requestLogger.js] GET /logs/dashboard - 200 - 0ms
[2025-12-06 03:03:07] [INFO] [requestLogger.js] GET /logs/dashboard - 200 - 1ms
[2025-12-06 03:03:08] [INFO] [requestLogger.js] GET /logs/dashboard - 200 - 1ms
